\BOOKMARK [1][-]{section.1}{\376\377\000A\000l\000g\000o\000r\000i\000t\000h\000m\000:\000\040\000T\000r\000a\000i\000n\000i\000n\000g\000\040\000a\000\040\0003\000D\000\040\000G\000a\000u\000s\000s\000i\000a\000n\000\040\000I\000m\000p\000l\000i\000c\000i\000t\000\040\000V\000o\000l\000u\000m\000e\000\040\000\050\000N\000e\000u\000r\000o\000G\000S\000-\000C\000o\000d\000e\000c\000\051}{}% 1
\BOOKMARK [2][-]{subsection.1.1}{\376\377\0001\000.\000\040\000P\000r\000e\000p\000a\000r\000e\000\040\000T\000r\000a\000i\000n\000i\000n\000g\000\040\000D\000a\000t\000a\000\040\000a\000n\000d\000\040\000C\000o\000o\000r\000d\000i\000n\000a\000t\000e\000s}{section.1}% 2
\BOOKMARK [2][-]{subsection.1.2}{\376\377\0002\000.\000\040\000C\000o\000n\000s\000t\000r\000u\000c\000t\000\040\000t\000h\000e\000\040\000I\000m\000p\000l\000i\000c\000i\000t\000\040\000F\000u\000n\000c\000t\000i\000o\000n\000\040\000\050\000G\000a\000u\000s\000s\000i\000a\000n\000\040\000M\000i\000x\000t\000u\000r\000e\000\040\000F\000i\000e\000l\000d\000\051}{section.1}% 3
\BOOKMARK [2][-]{subsection.1.3}{\376\377\0003\000.\000\040\000D\000e\000f\000i\000n\000e\000\040\000t\000h\000e\000\040\000L\000o\000s\000s\000\040\000F\000u\000n\000c\000t\000i\000o\000n\000\040\000\050\000D\000i\000s\000t\000o\000r\000t\000i\000o\000n\000\040\000+\000\040\000R\000a\000t\000e\000\051}{section.1}% 4
\BOOKMARK [2][-]{subsection.1.4}{\376\377\0004\000.\000\040\000R\000e\000g\000u\000l\000a\000r\000i\000z\000a\000t\000i\000o\000n\000\040\000T\000e\000r\000m\000s\000\040\000\050\000P\000r\000o\000p\000o\000s\000a\000l\000-\000s\000t\000y\000l\000e\000\051}{section.1}% 5
\BOOKMARK [2][-]{subsection.1.5}{\376\377\0005\000.\000\040\000T\000o\000t\000a\000l\000\040\000O\000b\000j\000e\000c\000t\000i\000v\000e}{section.1}% 6
\BOOKMARK [2][-]{subsection.1.6}{\376\377\0006\000.\000\040\000O\000p\000t\000i\000m\000i\000z\000e\000\040\000G\000a\000u\000s\000s\000i\000a\000n\000\040\000P\000a\000r\000a\000m\000e\000t\000e\000r\000s\000\040\000a\000n\000d\000\040\000W\000e\000i\000g\000h\000t\000s\000\040\000\050\000G\000r\000a\000d\000i\000e\000n\000t\000-\000B\000a\000s\000e\000d\000\051}{section.1}% 7
\BOOKMARK [2][-]{subsection.1.7}{\376\377\0007\000.\000\040\000I\000t\000e\000r\000a\000t\000i\000v\000e\000\040\000T\000r\000a\000i\000n\000i\000n\000g\000\040\000L\000o\000o\000p\000\040\000\050\000P\000r\000o\000p\000o\000s\000a\000l\000-\000s\000t\000y\000l\000e\000\051}{section.1}% 8
\BOOKMARK [2][-]{subsection.1.8}{\376\377\0008\000.\000\040\000D\000e\000n\000s\000i\000f\000i\000c\000a\000t\000i\000o\000n\000\040\000a\000n\000d\000\040\000P\000r\000u\000n\000i\000n\000g\000\040\000\050\000A\000d\000a\000p\000t\000i\000v\000e\000\040\000G\000a\000u\000s\000s\000i\000a\000n\000\040\000A\000l\000l\000o\000c\000a\000t\000i\000o\000n\000\051}{section.1}% 9
\BOOKMARK [2][-]{subsection.1.9}{\376\377\0009\000.\000\040\000S\000t\000o\000p\000p\000i\000n\000g\000\040\000C\000r\000i\000t\000e\000r\000i\000o\000n\000\040\000a\000n\000d\000\040\000O\000u\000t\000p\000u\000t}{section.1}% 10
\BOOKMARK [1][-]{section.2}{\376\377\000O\000b\000j\000e\000c\000t\000i\000v\000e\000\040\000F\000u\000n\000c\000t\000i\000o\000n\000\040\000a\000n\000d\000\040\000R\000e\000g\000u\000l\000a\000r\000i\000z\000a\000t\000i\000o\000n}{}% 11
\BOOKMARK [2][-]{subsection.2.1}{\376\377\000I\000m\000p\000l\000i\000c\000i\000t\000\040\000v\000o\000l\000u\000m\000e\000\040\000r\000e\000p\000r\000e\000s\000e\000n\000t\000a\000t\000i\000o\000n}{section.2}% 12
\BOOKMARK [2][-]{subsection.2.2}{\376\377\000D\000a\000t\000a\000\040\000f\000i\000d\000e\000l\000i\000t\000y\000\040\000t\000e\000r\000m}{section.2}% 13
\BOOKMARK [2][-]{subsection.2.3}{\376\377\000R\000a\000t\000e\000\040\000t\000e\000r\000m\000\040\000\050\000c\000o\000m\000p\000r\000e\000s\000s\000i\000o\000n\000-\000a\000w\000a\000r\000e\000\040\000t\000r\000a\000i\000n\000i\000n\000g\000\051}{section.2}% 14
\BOOKMARK [2][-]{subsection.2.4}{\376\377\000R\000e\000g\000u\000l\000a\000r\000i\000z\000a\000t\000i\000o\000n\000\040\000t\000e\000r\000m\000s}{section.2}% 15
\BOOKMARK [3][-]{subsubsection.2.4.1}{\376\377\000S\000p\000a\000r\000s\000i\000t\000y\000\040\000r\000e\000g\000u\000l\000a\000r\000i\000z\000a\000t\000i\000o\000n}{subsection.2.4}% 16
\BOOKMARK [3][-]{subsubsection.2.4.2}{\376\377\000O\000v\000e\000r\000l\000a\000p\000\040\000r\000e\000g\000u\000l\000a\000r\000i\000z\000a\000t\000i\000o\000n}{subsection.2.4}% 17
\BOOKMARK [3][-]{subsubsection.2.4.3}{\376\377\000S\000m\000o\000o\000t\000h\000n\000e\000s\000s\000\040\000r\000e\000g\000u\000l\000a\000r\000i\000z\000a\000t\000i\000o\000n\000:\000\040\000p\000r\000o\000p\000o\000s\000a\000l\000\040\000v\000s\000.\000\040\000o\000u\000r\000\040\000i\000m\000p\000l\000e\000m\000e\000n\000t\000a\000t\000i\000o\000n}{subsection.2.4}% 18
\BOOKMARK [3][-]{subsubsection.2.4.4}{\376\377\000T\000o\000t\000a\000l\000\040\000v\000a\000r\000i\000a\000t\000i\000o\000n\000\040\000\050\000T\000V\000\051\000\040\000o\000n\000\040\000r\000e\000c\000o\000n\000s\000t\000r\000u\000c\000t\000e\000d\000\040\000p\000a\000t\000c\000h\000e\000s}{subsection.2.4}% 19
\BOOKMARK [3][-]{subsubsection.2.4.5}{\376\377\000S\000S\000I\000M\000\040\000\050\000s\000t\000r\000u\000c\000t\000u\000r\000e\000-\000p\000r\000e\000s\000e\000r\000v\000i\000n\000g\000\040\000r\000e\000g\000u\000l\000a\000r\000i\000z\000e\000r\000\051}{subsection.2.4}% 20
\BOOKMARK [3][-]{subsubsection.2.4.6}{\376\377\000E\000d\000g\000e\000-\000a\000w\000a\000r\000e\000\040\000l\000o\000s\000s\000\040\000\050\000g\000e\000o\000m\000e\000t\000r\000y\000-\000w\000e\000i\000g\000h\000t\000e\000d\000\040\000f\000i\000d\000e\000l\000i\000t\000y\000\051}{subsection.2.4}% 21
\BOOKMARK [3][-]{subsubsection.2.4.7}{\376\377\000T\000o\000p\000o\000l\000o\000g\000y\000-\000b\000i\000a\000s\000e\000d\000\040\000p\000a\000t\000c\000h\000\040\000l\000o\000s\000s\000\040\000\050\000o\000p\000t\000i\000o\000n\000a\000l\000\051}{subsection.2.4}% 22
\BOOKMARK [2][-]{subsection.2.5}{\376\377\000F\000i\000n\000a\000l\000\040\000o\000b\000j\000e\000c\000t\000i\000v\000e\000\040\000\050\000r\000a\000t\000e\040\023\000d\000i\000s\000t\000o\000r\000t\000i\000o\000n\000\040\000w\000i\000t\000h\000\040\000g\000e\000o\000m\000e\000t\000r\000i\000c\000\040\000p\000r\000i\000o\000r\000s\000\051}{section.2}% 23
\BOOKMARK [2][-]{subsection.2.6}{\376\377\000D\000i\000r\000e\000c\000t\000\040\000c\000o\000m\000p\000a\000r\000i\000s\000o\000n\000\040\000t\000o\000\040\000t\000h\000e\000\040\000p\000r\000o\000p\000o\000s\000a\000l\000s\000\040\000\050\000w\000h\000a\000t\000\040\000m\000a\000t\000c\000h\000e\000s\000,\000\040\000w\000h\000a\000t\000\040\000d\000i\000f\000f\000e\000r\000s\000\051}{section.2}% 24
